// Jest Snapshot v1, https://goo.gl/fbAQLP

exports[`CollectionPreview component should render the CollectionPreview component 1`] = `ShallowWrapper {}`;
