// Jest Snapshot v1, https://goo.gl/fbAQLP

exports[`should render the CartItem component 1`] = `ShallowWrapper {}`;
