// Jest Snapshot v1, https://goo.gl/fbAQLP

exports[`ShopPage should render the ShopPage component 1`] = `ReactWrapper {}`;
