// Jest Snapshot v1, https://goo.gl/fbAQLP

exports[`FormInput componet should render the FormInput compoennt 1`] = `ShallowWrapper {}`;
