// Jest Snapshot v1, https://goo.gl/fbAQLP

exports[`MenuItem component should render the MenuItem component 1`] = `ShallowWrapper {}`;
